<?xml version="1.0" encoding="UTF-8"?>
<testsuites name="Mocha Tests" time="0.0980" tests="4" failures="0">
  <testsuite name="Root Suite" timestamp="2025-03-20T19:39:58" tests="0" time="0.0000" failures="0">
  </testsuite>
  <testsuite name="Task Management Routes" timestamp="2025-03-20T19:39:58" tests="4" file="C:\Users\Alois\OneDrive\Outlook\4th Year NCIrl\1st Semester\DevOpsSec\CA40\DevOpsSec-Group-Project\test\index.test.js" time="0.0980" failures="0">
    <testcase name="Task Management Routes should return the home page with status 200" time="0.0450" classname="should return the home page with status 200">
    </testcase>
    <testcase name="Task Management Routes should create a new task and redirect" time="0.0210" classname="should create a new task and redirect">
    </testcase>
    <testcase name="Task Management Routes should update a task title" time="0.0160" classname="should update a task title">
    </testcase>
    <testcase name="Task Management Routes should delete a task" time="0.0160" classname="should delete a task">
    </testcase>
  </testsuite>
</testsuites>